// Jest Snapshot v1, https://goo.gl/fbAQLP

exports[`renders without crashing 1`] = `
<div>
  <div
    class="callToAction"
    data-testid="callToAction"
  >
    <p
      class="subheading"
      data-testid="subheading"
    >
      Choose your path to eternal glory and fame
    </p>
    <p
      class="subheading"
      data-testid="subheading"
    >
      Take on challenges, level up your knowledge and become a code warrior legend
    </p>
    <p
      class="subheading"
      data-testid="subheading"
    >
      Discover a better way to become triumphant in your coding journey
    </p>
  </div>
</div>
`;
