// Jest Snapshot v1, https://goo.gl/fbAQLP

exports[`renders without crashing 1`] = `
Array [
  <div
    class="features"
    data-testid="features"
  >
    <div
      class="feature"
      data-testid="feature"
    >
      <img
        alt="Feature undefined"
        class="icon"
        src="undefined/resources/learningPath_icon.png"
      />
      <p
        class="text"
        data-testid="text"
      >
        Custom learning paths for different goals and skill levels
      </p>
    </div>
    <div
      class="feature"
      data-testid="feature"
    >
      <img
        alt="Feature undefined"
        class="icon"
        src="undefined/resources/library_icon.png"
      />
      <p
        class="text"
        data-testid="text"
      >
        Access a library of courses created by expert programmers
      </p>
    </div>
    <div
      class="feature"
      data-testid="feature"
    >
      <img
        alt="Feature undefined"
        class="icon"
        src="undefined/resources/forum_icon.png"
      />
      <p
        class="text"
        data-testid="text"
      >
        Engage with a community of fellow learners and experts
      </p>
    </div>
    <div
      class="feature"
      data-testid="feature"
    >
      <img
        alt="Feature undefined"
        class="icon"
        src="undefined/resources/mobile_icon.png"
      />
      <p
        class="text"
        data-testid="text"
      >
        Mobile-first design for on-the-go learning
      </p>
    </div>
    <div
      class="feature"
      data-testid="feature"
    >
      <img
        alt="Feature undefined"
        class="icon"
        src="undefined/resources/certificate_icon.png"
      />
      <p
        class="text"
        data-testid="text"
      >
        Earn badges and certificates to demonstrate your knowledge and progress
      </p>
    </div>
    <div
      class="feature"
      data-testid="feature"
    >
      <img
        alt="Feature undefined"
        class="icon"
        src="undefined/resources/recommendations_icon.png"
      />
      <p
        class="text"
        data-testid="text"
      >
        Personalized recommendations based on your learning history and preferences
      </p>
    </div>
  </div>,
]
`;
