// Jest Snapshot v1, https://goo.gl/fbAQLP

exports[`renders without crashing 1`] = `
<div>
  <div
    class="reviews"
    data-testid="reviews"
  >
    <q
      class="reviewText"
      data-testid="reviewText"
    />
    <p
      class="user"
      data-testid="user"
    />
    <q
      class="reviewText"
      data-testid="reviewText"
    />
    <p
      class="user"
      data-testid="user"
    />
    <q
      class="reviewText"
      data-testid="reviewText"
    />
    <p
      class="user"
      data-testid="user"
    />
    <q
      class="reviewText"
      data-testid="reviewText"
    />
    <p
      class="user"
      data-testid="user"
    />
    <q
      class="reviewText"
      data-testid="reviewText"
    />
    <p
      class="user"
      data-testid="user"
    />
  </div>
</div>
`;
